/*
*******************************************************************
*	Copyright by WATCOM Systems Inc. 1987, 1990. All rights	  *
*	reserved. No part of this software may be reproduced	  *
*	in any form or by any means - graphic, electronic or	  *
*	mechanical, including photocopying, recording, taping	  *
*	or information storage and retrieval systems - except	  *
*	with the written permission of WATCOM Systems Inc.	  *
*******************************************************************

This file lists pairs of symbolic names for errors and the text associated
with that name.

The first element of the pair becomes part of an enum list and is visible to
the entire project. The second part of the pair becomes an array of text
messages that is only visible to the error handling routine.

Note: If any elements in this list are deleted or if the list is reorded then
errors.c and any file that includes errors.h must be recompiled.

Modified	By		Reason
--------	--		------
15 May 91	S.Bosnick	created
20 May 93	D. Wellstood	added ERR_TEXT_FROM_CPP
21-June-93	D. Wellstood	added ERR_NT_KEYWORD and ERR_UNSUPPORTED
12-Aug-03	D. Wellstood	added ERR_RAW_DATA_TOO_SMALL
*/

ERRITEM( ERR_CANT_OPEN_FILE, 		"Unable to open file \"%s\": %s." ),
ERRITEM( ERR_RENAMEING_TMP_FILE, 	"Error renaming temporary file \"%s\" to \"%s\": %s." ),
ERRITEM( ERR_NOT_ICON_FILE, 		"\"%s\" is not a valid icon file." ),
ERRITEM( ERR_NOT_CURSOR_FILE, 		"\"%s\" is not a valid cursor file." ),
ERRITEM( ERR_NOT_BITMAP_FILE, 		"\"%s\" is not a valid bitmap file." ),
ERRITEM( ERR_WIN_RES_TO_NT_EXE, 	"Trying to add a windows RES file \"%s\" to an NT executable \"%s\"." ),
ERRITEM( ERR_NT_RES_TO_WIN_EXE, 	"Trying to add an NT RES file \"%s\" to a windows executable \"%s\"." ),
ERRITEM( ERR_PE_HEADER_SIZE_CHANGE, 	"Object alignment increase required.  Relink with larger object alignment." ),
ERRITEM( ERR_OLD_RESOURCE_OBJECT,  	"EXE contained old resources that could not be removed."),
ERRITEM( ERR_READING_EXE,		"Error reading EXE file \"%s\": %s." ),
ERRITEM( ERR_UNEXPECTED_EOF,		"Error reading file \"%s\": Unexpected end of file." ),
ERRITEM( ERR_WRITTING_FILE,		"Error writting to \"%s\": %s." ),
ERRITEM( ERR_READING_ICON,		"Error reading icon file \"%s\": %s." ),
ERRITEM( ERR_READING_CURSOR,		"Error reading cursor file \"%s\": %s." ),
ERRITEM( ERR_READING_BITMAP,		"Error reading bitmap file \"%s\": %s." ),
ERRITEM( ERR_READING_FONT,		"Error reading font file \"%s\": %s." ),
ERRITEM( ERR_READING_DATA,		"Error reading data file \"%s\": %s." ),
ERRITEM( ERR_READING_RES,		"Error reading RES file \"%s\": %s." ),
ERRITEM( ERR_READING_TMP,		"Error reading temporary file \"%s\": %s." ),
ERRITEM( ERR_WRITTING_TMP,		"Error writting to temporary file \"%s\": %s." ),
ERRITEM( ERR_OPENING_TMP,  		"Unable to open temporary file \"%s\": %s." ),
ERRITEM( ERR_READING_FILE, 		"Error reading from file \"%s\": %s." ),
ERRITEM( ERR_BAD_RES_VER,		"Unable to read RES file \"%s\": wrong version." ),
ERRITEM( ERR_INVALID_RES,		"\"%s\" is not a valid RES file." ),
ERRITEM( ERR_INTERNAL,			"Internal compiler error %d." ),
ERRITEM( ERR_WRITTING_RES_FILE,		"Error writting resources to temporary file \"%s\": %s." ),
ERRITEM( ERR_CLOSING_FILE,		"Error while closing file \"%s\" or flushing buffers to it: %s." ),
ERRITEM( ERR_CLOSING_TMP,		"Error while closing temporary file \"%s\" or flushing buffers to it: %s." ),
ERRITEM( ERR_NO_MSG,			"" ),
ERRITEM( ERR_NO_RCINCLUDES, 		"RCINCLUDE keyword not currently supported. Use #include." ),
ERRITEM( ERR_UNKNOWN_CHAR, 		"'%c' is not valid at this point" ),
ERRITEM( ERR_RUNAWAY_STRING, 		"String may not cross newline boundary" ),
ERRITEM( ERR_EXPECTING_CHAR, 		"Expecting '%s' but found '%c'" ),
ERRITEM( ERR_TOO_MANY_ARGS, 		"Too many arguments: %s" ),
ERRITEM( ERR_FILENAME_NEEDED, 		"Filename required on command line." ),
ERRITEM( ERR_UNKNOWN_OPTION, 		"Unknown option '%c'" ),
ERRITEM( ERR_NO_OPT_SPECIFIED, 		"No options specified after options character." ),
ERRITEM( ERR_OUT_OF_MEMORY, 		"Out of memory" ),
ERRITEM( ERR_ACCEL_NO_TYPE, 		"No type given for accelerator %ld" ),
ERRITEM( ERR_ACCEL_KEYWORD_IGNORED, 	"Keyword %s ignored for type ASCII accelerator %ld" ),
ERRITEM( ERR_DUPLICATE_RESOURCE, 	"Duplicate resource: %s" ),
ERRITEM( ERR_PARSER_INTERNAL, 		"Internal parser error." ),
ERRITEM( ERR_SYNTAX_INT, 		"Syntax error near \"%d\"" ),
ERRITEM( ERR_SYNTAX_STR, 		"Syntax error near \"%s\"" ),
ERRITEM( ERR_DUPLICATE_STRING_CONST, 	"%d is a duplicate string identifier." ),
ERRITEM( ERR_RAW_DATA_TOO_BIG, 		"Raw data item %lu is too big. Max %u" ),
ERRITEM( ERR_RAW_DATA_TOO_SMALL, 	"Raw data item %ld is too small. Min %d" ),
ERRITEM( ERR_FONT_NAME, 		"Font name must be a number." ),
ERRITEM( ERR_RCINCLUDE_TOO_DEEP, 	"Can't #include more than %d levels." ),
ERRITEM( ERR_INVALID_CPP, 		"Unknown preprocessor directive" ),
ERRITEM( ERR_INVALID_CPP_LINE, 		"Invalid #line directive" ),
ERRITEM( ERR_UNKNOWN_MULT_OPTION, 	"Unknown option '%s'" ),
ERRITEM( ERR_NOT_VALID_EXE, 		"\"%s\" is not a valid EXE file." ),
ERRITEM( ERR_NO_GANGLOAD, 		"Unable to produce fastload section." ),
ERRITEM( ERR_CANT_FIND_FILE, 		"Can't find file \"%s\"." ),
ERRITEM( ERR_UNKNOWN_TARGET_OS, 	"Unknown target OS: '%s'." ),
ERRITEM( ERR_TEXT_FROM_CPP, 		"%s" ),
ERRITEM( ERR_NT_KEYWORD, 		"Keyword \"%s\" is only valid for Windows NT" ),
ERRITEM( ERR_UNSUPPORTED, 		"Keyword \"%s\" not currently supported" ),
ERRITEM( ERR_MISSING_MENUITEM_ID,       "MENUITEM must have ID value" ),
ERRITEM( ERR_MENUEX_POPUP_OPTIONS,      "Id/Type/State/HelpId is not allowed for MENU POPUP controls" ),
ERRITEM( ERR_MENU_POPUP_OPTIONS,        "MENUITEM options are not allowed for MENUEX POPUP controls" ),
ERRITEM( ERR_MENUEX_NORMAL_OPTIONS,     "Type/State not valid for MENU MENUITEM controls" ),
ERRITEM( ERR_MENU_NORMAL_OPTIONS,       "MENUITEM options not valid for MENUEX MENUITEM controls" ),
ERRITEM( ERR_DIALOG_HELPID,             "HELPID not valid for DIALOG" ),
ERRITEM( ERR_FONT_ITALIC,               "Font Italic setting not allowed for DIALOG" ),
ERRITEM( ERR_FONT_WEIGHT,               "Font Weight setting not allowed for DIALOG" ),
ERRITEM( ERR_DIALOG_CONTROL_HELPID,     "HELPID not valid for DIALOG controls" ),
ERRITEM( ERR_DATA_ELEMENTS,             "Data Elements not valid for DIALOG controls" ),
