ActivateNC_.........guifront            AddControl_...........windlg
AddMDIActions_......guimdime            BroughtToFront_.......guimdi
ChangeTitle_..........guimdi            
ChangeToolButtonBitmap_.....................................wptoolbr
CheckItem_..........guimenus            CheckPopup_.........guimenus
CountMenus_..........guihint            DialogTemplate_.......windlg
DoGetRelRect_........guirect            DoneAddingControls_...windlg
DrawShadowBar_.......guixbar            DrawSimpleBar_.......guixbar
DynamicDialogBox_.....windlg            EnableItem_.........guimenus
EnableMDIActions_...guimdime            EnablePopup_........guimenus
FindNextMDIMenuWindowNotInArray_..............................guimdi
GetControlExtent_...guixtent            GetControlInfo_.....guixtent
GetExtent_..........guixtent            GetFontFormatString_.fontstr
GetLogFontFromString_........................................fontstr
GetStateForMenu_....guimenus            GetStrFromEdit_......guifdlg
GUI3DDialogInit_....gui3ddlg            GUIActivateNC_......guifront
GUIAddControl_......guicontr            GUIAddMDIActions_....guihook
GUIAddTextList_.....guixtext            GUIAddText_.........guixtext
GUIAddToSystemMenu_.guimenus            GUIAlloc_.............guimem
GUIAppendHintText_...guihint            
GUIAppendMenuByOffset_......................................guimenus
GUIAppendMenuToPopup_.......................................guimenus
GUIAppendMenu_......guimenus            GUIBringNewToFront_.guixutil
GUIBringToFront_....guifront            GUICalcLocation_....guixutil
GUICascadeWindows_...guixmdi            GUIChangeFont_.......guifont
GUIChangeMDITitle_...guihook            GUIChangeToolBar_....guitool
GUICharLen_..........guiclen            GUICheckBKBrush_....guicolor
GUICheckMenuItem_...guimenus            
GUICheckRadioButton_........................................guicontr
GUIChooseFont_.......guifont            GUICleanupHotSpots_..guihook
GUICleanup_.........guixwind            GUIClearList_.......guixtext
GUIClearStatusText_.guiclrst            GUIClearText_.......guiclear
GUIClientToScaleRect_.......................................guixscal
GUICloseDialog_......guixdlg            
GUICloseStatusWindow_........................................guistat
GUICloseToolBar_....guihtool            
GUIControlDeleteAll_........................................guicontr
GUIControlDelete_...guicontr            GUIControlDirty_....guidirty
GUIControlInsertByHWND_.....................................guicontr
GUIControlInsert_...guicontr            
GUIControlSetRedraw_........................................guixtext
GUIConvertPoint_....guiscale            GUIConvertRect_.....guiscale
GUIConvert_.........guiscale            
GUICreateDialogFromRes_......................................guirdlg
GUICreateDialog_......guidlg            
GUICreateFloatingPopup_......................................guihflt
GUICreateFloatToolBar_......................................guihtool
GUICreateMenuFlags_.guimenus            
GUICreateMenuStructFromRes_.................................guirmenu
GUICreateMenus_.....guimenus            GUICreateResDialog_...guidlg
GUICreateStatusWindow_.......................................guistat
GUICreateSubMenu_...guimenus            
GUICreateSysModalDialog_......................................guidlg
GUICreateToolBar_...guihtool            GUICreateWindow_....guicreat
GUICtl3dColorChange_........................................guixhook
GUICtl3dCtlColorEx_.guixhook            
GUICtl3dSubclassCtl_........................................guixhook
GUICtl3dSubclassDlg_........................................guixhook
GUICtl3dUnregister_.guixhook            GUIDead_.............guidead
GUIDeath_...........guideath            GUIDeleteControl_...guicontr
GUIDeleteFloatingPopups_....................................guimenus
GUIDeleteFromList_..guizlist            GUIDeleteHintText_...guihint
GUIDeleteItem_......guixtext            GUIDeleteMenuItem_..guimenus
GUIDestroyAllChildren_......................................guixutil
GUIDestroyAllPopupsWithNoParent_............................guixutil
GUIDestroyWnd_......guixwind            GUIDisplayHintText_..guihint
GUIDisplayMessage_..guixdisp            GUIDlgBuffGetText_...guindlg
GUIDlgCalcLocation_..guixdlg            GUIDlgOpen_..........guindlg
GUIDlgPickWithRtn_...guipick            GUIDlgPick_..........guipick
GUIDoCreateResDialog_........................................guirdlg
GUIDoHScrollClip_...guidoscr            GUIDoHScroll_.......guidoscr
GUIDoneEventProcessing_........................................guiev
GUIDoResize_........guixwind            GUIDoScroll_........guidoscr
GUIDoSubClass_......guicontr            GUIDoVScrollClip_...guidoscr
GUIDoVScroll_.......guidoscr            GUIDrawBarGroup_.....guixbar
GUIDrawBar_..........guixbar            GUIDrawBitmap_.......guixhot
GUIDrawHotSpot_......guixhot            GUIDrawLineRGB_.....guidrawr
GUIDrawLine_........guidrawr            GUIDrawRectRGB_.....guidrawr
GUIDrawRect_........guidrawr            GUIDrawStatusText_...guistat
GUIDrawTextBitmapAttr_......................................guixdraw
GUIDrawTextBitmapRGB_.......................................guixdraw
GUIDrawTextExtentPosRGB_.....................................guidraw
GUIDrawTextExtentPos_........................................guidraw
GUIDrawTextExtentRGB_........................................guidraw
GUIDrawTextExtent_...guidraw            GUIDrawTextPosRGB_...guidraw
GUIDrawTextPos_......guidraw            GUIDrawTextRGB_......guidraw
GUIDrawText_.........guidraw            GUIDropDown_........guidropd
GUIEnableControl_...guiclear            GUIEnableMDIActions_.guihook
GUIEnableMDIMenus_....guimdi            GUIEnableMenuItem_..guimenus
GUIEnableSysMenuItem_.......................................guimenus
GUIEnumChildWindows_.guienum            GUIEnumControls_....guicontr
GUIError_...........guixutil            GUIFillRectRGB_.....guidrawr
GUIFillRect_........guidrawr            GUIFindFirstChild_..guixutil
GUIFindFirstPopupWithNoParent_..............................guixutil
GUIFindWindowFromHWND_......................................guixutil
GUIFiniDialog_.......guixdlg            
GUIFiniInternalStringTable_...................................guistr
GUIFirstCrack_......guifcrck            GUIFlushKeys_.......guiflush
GUIFontsSupported_...guifont            GUIFreeBKBrush_.....guicolor
GUIFreeColours_.....guiwnclr            
GUIFreeGUIMenuStruct_.......................................guirmenu
GUIFreeHint_.........guihint            
GUIFreePaintHandles_........................................guipaint
GUIFreePopupList_...guimenus            GUIFreeStatus_......guixhook
GUIFreeWindowMemory_........................................guixutil
GUIFreeWndPaintHandles_.....................................guipaint
GUIFree_..............guimem            GUIFromTextX_.......guixscal
GUIFromTextY_.......guixscal            GUIFromText_........guixscal
GUIFrontOfList_.....guizlist            GUIGetAbsRect_......guiarect
GUIGetArgs_..........guiutil            GUIGetBack_.........guicolor
GUIGetCharacter_.....guistub            GUIGetClientRect_...guicrect
GUIGetColourFromUser_.......................................guigcolr
GUIGetCol_..........guigetrc            
GUIGetControlByHwnd_........................................guicontr
GUIGetControlByID_..guicontr            
GUIGetControlClassFromHWND_..................................guirdlg
GUIGetControlClass_.guicutil            
GUIGetControlExtentX_.......................................guixtent
GUIGetControlExtentY_.......................................guixtent
GUIGetControlRect_..guimvctr            
GUIGetControlStylesFromHWND_.................................guirdlg
GUIGetCreateStyle_..guistyle            GUIGetCtrlWnd_......guicontr
GUIGetCurrSelect_...guixtext            GUIGetCursorPos_.....guistub
GUIGetCursorType_....guistub            GUIGetDialogColours_.guistub
GUIGetDlgTextMetrics_........................................guixdlg
GUIGetEditSelect_....guissel            GUIGetExtentX_......guixtent
GUIGetExtentY_......guixtent            GUIGetExtName_......guiextnm
GUIGetExtra_........guiextra            GUIGetFileName_......guifdlg
GUIGetFirstSibling_.guixutil            GUIGetFocus_........guifocus
GUIGetFontFromUser_..guifont            GUIGetFontInfo_......guifont
GUIGetFore_.........guicolor            GUIGetFront_........guizlist
GUIGetHInst_........guigsysh            GUIGetHMENU_........guimenus
GUIGetHotSpotSize_....guihot            GUIGetHScrollCol_...guigscrl
GUIGetHScrollRangeCols_.....................................guirange
GUIGetHScrollRange_.guirange            GUIGetHScroll_......guigscrl
GUIGetKeyState_......guimkey            GUIGetListItemData_.guixtext
GUIGetListItem_.....guixtext            GUIGetListSize_.....guixtext
GUIGetMenuPopupCount_.......................................guimenus
GUIGetMetrics_......guixscal            GUIGetMinSize_........guimin
GUIGetMousePosn_....guimouse            GUIGetNewVal_.......guignval
GUIGetNextWindow_...guizlist            
GUIGetNumChildWindows_........................................guimdi
GUIGetNumHotSpots_....guihot            
GUIGetNumIconicWindows_.......................................guimdi
GUIGetNumRows_......guigetnr            
GUIGetNumWindowColours_.....................................guiwnclr
GUIGetPaintRect_....guicrect            
GUIGetParentFrameHWND_......................................guixutil
GUIGetParentHWND_...guixutil            GUIGetParentWindow_.guixutil
GUIGetPoint_........guigetpt            GUIGetRect_..........guirect
GUIGetRelRect_.......guirect            GUIGetRestoredSize_..guisize
GUIGetRGBFromUser_..guicolor            GUIGetRGB_..........guicolor
GUIGetRootWindow_....guiutil            GUIGetRoot_...........guimdi
GUIGetRoundScale_...guirscal            GUIGetRow_..........guigetrc
GUIGetScale_........guiscale            GUIGetScreen_.......guiscale
GUIGetScrollHWND_...guixutil            GUIGetScrollInc_....guiscrol
GUIGetScrollPos_....guixutil            GUIGetScrollRange_..guixutil
GUIGetScrollScreenSize_.....................................guiscrol
GUIGetScrollStyle_..guisstyl            GUIGetStringPos_....guistrin
GUIGetSysHandle_....guigsysh            GUIGetSystemFont_...guixutil
GUIGetSystemMetrics_........................................guismetr
GUIGetTextExtentX_...guigetx            GUIGetTextExtentY_...guigetx
GUIGetTextExtent_....guigetx            GUIGetTextMetrics_..guitextm
GUIGetText_.........guixtext            GUIGetTheDC_........guixscal
GUIGetTopGUIWindow_.guixutil            GUIGetTopIndex_.....guixtext
GUIGetTopParentHWND_........................................guixutil
GUIGetUpdateRows_...guixscal            
GUIGetVScrollRangeRows_.....................................guirange
GUIGetVScrollRange_.guirange            GUIGetVScrollRow_...guigscrl
GUIGetVScroll_......guigscrl            
GUIGetWindowClassName_......................................guiclass
GUIGetWindowColours_........................................guiwnclr
GUIGetWindowTextLength_.....................................guistext
GUIGetWindowText_...guistext            GUIGetWindow_.......guixutil
GUIGetWndColour_....guicolor            GUIGMouseOff_........guistub
GUIGMouseOn_.........guistub            GUIHasHintText_......guihint
GUIHasHintType_......guihint            GUIHasStatus_........guistat
GUIHasToolBar_.......guitool            GUIHideControl_.....guicontr
GUIHideWindow_.......guisize            GUIHookF1_...........guif1hk
GUIHookFileDlg_......guifdlg            GUIInitControl_......guixdlg
GUIInitDialog_.......guixdlg            GUIInitGUIMenuHint_.guimenus
GUIInitHint_.........guihint            GUIInitHotSpots_......guihot
GUIInitHScrollCol_..guiiscrl            GUIInitHScroll_.....guiiscrl
GUIInitInternalStringTable_...................................guistr
GUIInitMDI_..........guihook            GUIInitToolbarHint_..guihint
GUIInitVScrollRow_..guiiscrl            GUIInitVScroll_.....guiiscrl
GUIInsertCtrlWnd_...guicontr            GUIInsertMenuByID_..guimenus
GUIInsertMenuToPopup_.......................................guimenus
GUIInsertMenu_......guimenus            
GUIInsertResDialogControls_..................................guirdlg
GUIInsertText_......guixtext            
GUIInvalidatePaintHandles_..................................guipaint
GUIInvalidateResize_........................................guixutil
GUIIsChecked_.......guicheck            
GUIIsControlEnabled_........................................guiclear
GUIIsControlVisible_........................................guicontr
GUIIsDBCS_...........guiclen            GUIIsFirstInstance_.guixwind
GUIIsGUIChild_......guixutil            GUIIsGUI_...........guiisgui
GUIIsLoadStrInitialized_....................................guildstr
GUIIsMaximized_......guisize            
GUIIsMDIChildWindow_........................................guixhook
GUIIsMenuItemChecked_.......................................guimenus
GUIIsMenuItemEnabled_.......................................guimenus
GUIIsMinimized_......guisize            GUIIsOpen_..........guixutil
GUIIsParentADialog_.guixutil            
GUIIsRectInUpdateRect_......................................guixutil
GUIIsRootWindow_.....guiutil            GUIIsValidWindow_...guizlist
GUIIsWindowVisible_..guisize            GUILimitEditText_...guicontr
GUILoadStrFini_.....guildstr            GUILoadString_......guildstr
GUILoadStrInit_.....guildstr            GUIMakeRelative_....guixutil
GUIMapKey_...........guimkey            GUIMaximizeWindow_...guisize
GUIMaximizeZoomedChildren_..................................guixutil
GUIMDIBringToFront_..guixmdi            
GUIMDIBroughtToFront_........................................guihook
GUIMDIDeleteMenuItem_........................................guihook
GUIMDIDelete_........guihook            GUIMDIGetWindow_......guimdi
GUIMDIInitMenuOnly_.guiimmdi            GUIMDIInit_..........guiimdi
GUIMDIMaximized_....guixhook            GUIMDIMaximize_.....guixhook
GUIMDIMoreWindows_....guimdi            GUIMDINewWindow_....guixhook
GUIMDIProcessMessage_.......................................guixhook
GUIMDIResetMenus_....guihook            GUIMDIUpdatedMenu_..guixhook
GUIMemClose_..........guimem            GUIMemOpen_...........guimem
GUIMemPrtUsage_.......guimem            GUIMinimizeWindow_...guisize
GUIModalDlgOpen_.....guindlg            GUIPaint_...........guipaint
GUIParentHasFlags_..guixutil            GUIPickEvent_........guipick
GUIPopupMenuSelect_.guifloat            
GUIProcessControlMsg_........................................guixdlg
GUIProcessControlNotification_...............................guixdlg
GUIProcessInitMenuPopup_....................................guimenus
GUIProcesskey_......guimapky            
GUIProcessMenuSelect_.......................................guimenus
GUIProcessScrollMsg_........................................guiscrol
GUIRealloc_...........guimem            GUIRedrawScroll_....guixutil
GUIRefresh_.........guirfrsh            GUIReleaseTheDC_....guixscal
GUIResetMenus_......guireset            
GUIResetMouseCursor_........................................guicursr
GUIResizeBackground_........................................guixwind
GUIResizeControl_...guimvctr            
GUIResizeStatusWindow_.......................................guistat
GUIResizeStatus_....guixhook            GUIResizeToolBar_....guitool
GUIResizeWindow_.....guisize            GUIRestoreWindow_....guisize
GUIScaleToScreenRect_.......................................guixscal
GUIScaleToScreenRPt_........................................guiscale
GUIScaleToScreenR_..guiscale            GUIScaleToScreen_...guiscale
GUIScreenToScaleRect_.......................................guixscal
GUIScreenToScaleRPt_........................................guiscale
GUIScreenToScaleR_..guiscale            GUIScreenToScale_...guiscale
GUIScrollOn_........guixutil            GUIScroll_..........guiscrol
GUISelectAll_........guissel            
GUISendDlgItemMessage_......................................guixutil
GUISendMessage_.....guixutil            GUISetAddMDIActions_.guihook
GUISetBackgroundChar_........................................guistub
GUISetBackgroundColour_......................................guistub
GUISetBetweenTitles_.guistub            GUISetCharacter_.....guistub
GUISetChecked_......guicheck            
GUISetCheckResizeAreaForChildren_...........................guixwind
GUISetColours_......guiwnclr            GUISetControlStyle_.guicontr
GUISetCtl3dColorChange_.....................................guixhook
GUISetCtl3dCtlColorEx_......................................guixhook
GUISetCtl3dSubclassCtl_.....................................guixhook
GUISetCtl3dSubclassDlg_.....................................guixhook
GUISetCtl3dUnregister_......................................guixhook
GUISetCurrSelect_...guixtext            GUISetCursorPos_.....guistub
GUISetCursorType_....guistub            GUISetDClickRate_...guidbclk
GUISetDialogColours_.guistub            GUISetEditSelect_....guissel
GUISetEnableMDIActions_......................................guihook
GUISetExtName_......guiextnm            GUISetExtra_........guiextra
GUISetF10Menus_.....guixwind            GUISetFocus_........guifocus
GUISetFontInfo_......guifont            GUISetFreeStatus_...guixhook
GUISetGUIHint_......guimenus            GUISetHintText_......guihint
GUISetHorizontalExtent_.....................................guixtext
GUISetHotSpotCleanup_........................................guihook
GUISetHScrollCol_...guiscrol            
GUISetHScrollRangeCols_.....................................guirange
GUISetHScrollRange_.guirange            GUISetHScrollThumb_.guithumb
GUISetHScroll_......guiscrol            GUISetIcon_.........guisicon
GUISetInitMDI_.......guihook            
GUISetIsMDIChildWindow_.....................................guixhook
GUISetJapanese_......guixdlg            GUISetKeyState_.....guimapky
GUISetListItemData_.guixtext            
GUISetMDIBroughtToFront_.....................................guihook
GUISetMDIChangeTitle_........................................guihook
GUISetMDIDeleteMenuItem_.....................................guihook
GUISetMDIDelete_.....guihook            GUISetMDIMaximized_.guixhook
GUISetMDIMaximize_..guixhook            GUISetMDINewWindow_.guixhook
GUISetMDIProcessMessage_....................................guixhook
GUISetMDIResetMenus_.guihook            
GUISetMDIRestoredSize_......................................guixhook
GUISetMDIUpdatedMenu_.......................................guixhook
GUISetMenuText_.....guimenus            GUISetMenu_.........guimenus
GUISetMetrics_......guitextm            GUISetModalDlgs_.....guindlg
GUISetMouseCursor_..guicursr            GUISetRangePos_.....guixutil
GUISetRedraw_.......guixutil            GUISetResizeStatus_.guixhook
GUISetRestoredSize_..guisize            GUISetRGB_..........guicolor
GUISetRowCol_.......guixutil            GUISetScale_........guiscale
GUISetScreen_.......guiscale            GUISetScrollPos_....guixutil
GUISetScrollRange_..guixutil            GUISetScroll_.......guiscrol
GUISetSetMDIRestoredSize_...................................guixhook
GUISetSystemFont_....guifont            GUISetText_.........guixtext
GUISetTopIndex_.....guixtext            GUISetupStruct_.....guixutil
GUISetupWnd_........guisetup            
GUISetVScrollRangeRows_.....................................guirange
GUISetVScrollRange_.guirange            GUISetVScrollRow_...guiscrol
GUISetVScrollThumb_.guithumb            GUISetVScroll_......guiscrol
GUISetWindowColours_........................................guicolor
GUISetWindowText_...guistext            GUISetWndColour_....guicolor
GUISetXChangeTitle_..guihook            GUISetXInitMDI_......guihook
GUIShowControl_.....guicontr            GUIShowWindowNA_....guixwind
GUIShowWindow_......guixwind            GUISpawnEnd_........guispawn
GUISpawnStart_......guispawn            
GUIStartEventProcessing_.......................................guiev
GUIStartTimer_......guixwind            GUIStopTimer_.......guixwind
GUIStoreArgs_........guiutil            GUIStrDup_...........guiutil
GUIStripTrailingBlanks_......................................guiutil
GUISubClassEditCombobox_....................................guicombo
GUISysFini_.........guisysfi            GUISysInit_.........guisysin
GUISysModalDlgOpen_..guindlg            GUIToComboList_.....guicutil
GUIToControl_.......guicutil            GUIToolBarFixed_.....guitool
GUIToolBarHelp_......guitool            GUIToolBarProc_......guitool
GUIToTextX_.........guixscal            GUIToTextY_.........guixscal
GUIToText_..........guixscal            
GUITrackFloatingPopup_......................................guifloat
GUITruncToPixel_....guipixel            GUIUnHookF1_.........guif1hk
GUIWantPartialRows_.guixwind            GUIWindowsMapKey_...guimapky
GUIWinMessageLoop_..guiwinlp            GUIWndDirtyRect_....guidrect
GUIWndDirtyRow_......guidrow            GUIWndDirty_........guidirty
GUIWndInit_.........guixwind            GUIXChangeTitle_.....guihook
GUIXCleanupHotSpots_.guixhot            GUIXCloseToolBar_....guitool
GUIXCreateDialog_....guixdlg            
GUIXCreateFloatingPopup_....................................guifloat
GUIXCreateToolBar_...guitool            GUIXCreateWindow_...guixwind
GUIXDrawTextRGB_....guixdraw            GUIXDrawText_.......guixdraw
GUIXGetRootWindow_..guixutil            
GUIXGetWindowColours_.......................................guicolor
GUIXInitHotSpots_....guixhot            GUIXInitMDI_.........guihook
GUIXMain_...........guixwind            GUIXMDIInit_.........guixmdi
GUIXSetColours_.....guicolor            GUIXSetupWnd_.......guixwind
HasToolAtPoint_.....wptoolbr            InitMDI_..............guimdi
InsertHint_..........guihint            isPointInToolbar_...wptoolbr
MDICascade_..........wmdisim            
MDIChildHandleMessage_.......................................wmdisim
MDIClearMaximizedMenuConfig_.................................wmdisim
MDIContainerResized_.wmdisim            MDIDeleteMenu_........guimdi
MDIDelete_............guimdi            MDIHitClose_.........wmdisim
MDIInitMenu_.........wmdisim            MDIInit_.............wmdisim
MDIIsMaximized_......wmdisim            MDIIsSysCommand_.....wmdisim
MDIIsWndMaximized_...wmdisim            MDINewWindow_........wmdisim
MDIResetMenus_........guimdi            
MDISetMainWindowTitle_.......................................wmdisim
MDISetMaximized_.....wmdisim            MDISetOrigSize_......wmdisim
MDITile_.............wmdisim            MDIUpdatedMenu_......wmdisim
MemAlloc_................mem            MemFree_.................mem
MemReAlloc_..............mem            outputText_..........wstatus
SendPointEvent_.....guixwind            SetBKBrush_.........guicolor
SetFocusToParent_...guixwind            SetSystemMenu_.......wmdisim
StatusWndCreate_.....wstatus            StatusWndDraw3DBox_..wstatus
StatusWndDrawLine_...wstatus            StatusWndFini_.......wstatus
StatusWndInit_.......wstatus            
StatusWndSetSeparators_......................................wstatus
SysCleanUp_...........guisys            ToolBarAddItem_.....wptoolbr
ToolBarDeleteItem_..wptoolbr            ToolBarDestroy_.....wptoolbr
ToolBarDisplay_.....wptoolbr            ToolBarFini_........wptoolbr
ToolBarGetState_....wptoolbr            ToolBarInit_........wptoolbr
ToolBarRedrawButtons_.......................................wptoolbr
ToolBarSetState_....wptoolbr            ToolBarWindow_......wptoolbr
UpdateToolBar_......wptoolbr            XChangeTitle_........guixmdi
XFakeInitMDI_.......guiximdi            XInitMDI_............guixmdi
_CurrItem...........guifloat            
_EditControlHasFocus........................................guixwind
_EnumFunc@8..........guienum            _F1Proc@12...........guif1hk
_GUIClass...........guixwind            _GUIColours.........guicolor
_GUIControls........guicontr            _GUICurrWnd.........guixwind
_GUIDefaultClassName........................................guixwind
_GUIDialogClass.....guixwind            _GUIDialogFunc@16....guixdlg
_GUIEditFunc@16.....guicontr            _GUIEnumFunc@8......guicombo
_GUIGroupBoxFunc@16.guicontr            _GUIHFloatingPopup..guimenus
_GUIHint............guimenus            _GUIHotSpots.........guixhot
_GUIInitDialogFunc@16........................................guixdlg
_GUIMainHInst.......guixwind            _GUIMainTouched.....guixmain
_GUIMDI.............guicreat            _GUIMDIMenuID.........guimdi
_GUINumHotSpots.......guihot            _GUIResHInst.........guirdlg
_GUITimerProc@16....guixwind            _GUItm..............guixscal
_GUIWindowProc@16...guixwind            
_InsertResDlgCntlFunc@8......................................guirdlg
_KeyState............guimkey            _OpenHook@16.........guifdlg
_Root.................guimdi            
_StatusWndCallback@16........................................wstatus
_ToolBarWndProc@16..wptoolbr            _WinMain@16.........guixmain
_wpi_appendmenu_.....wpi_win            
_wpi_createcompatiblepres_...................................wpi_win
_wpi_dlg_command_....wpi_win            _wpi_free_............wpimem
_wpi_getbitmapdim_...wpi_win            _wpi_getbitmapparms_.wpi_win
_wpi_getbmphdrvalues_........................................wpi_win
_wpi_getcurrpos_.....wpi_win            
_wpi_getintrectvalues_.......................................wpi_win
_wpi_getintwrectvalues_......................................wpi_win
_wpi_getmenuflagsfromstate_..................................wpi_win
_wpi_getmenustate_...wpi_win            _wpi_getmenutext_....wpi_win
_wpi_getmetricpointsize_.....................................wpi_win
_wpi_getpaintrect_...wpi_win            _wpi_getqmsgvalues_..wpi_win
_wpi_getrectvalues_..wpi_win            
_wpi_getrestoredrect_........................................wpi_win
_wpi_gettextextent_..wpi_win            _wpi_getwrectvalues_.wpi_win
_wpi_insertmenu_.....wpi_win            _wpi_malloc_..........wpimem
_wpi_modifymenu_.....wpi_win            _wpi_preparemono_....wpi_win
_wpi_realloc_.........wpimem            
_wpi_setbmphdrvalues_........................................wpi_win
_wpi_setintrectvalues_.......................................wpi_win
_wpi_setintwrectvalues_......................................wpi_win
_wpi_setmaxtracksize_........................................wpi_win
_wpi_setmenutext_....wpi_win            _wpi_setmenu_........wpi_win
_wpi_setmintracksize_........................................wpi_win
_wpi_setpoint_.......wpi_win            _wpi_setqmsgvalues_..wpi_win
_wpi_setrectvalues_..wpi_win            
_wpi_setrestoredrect_........................................wpi_win
_wpi_setrgbquadvalues_.......................................wpi_win
_wpi_setwrectvalues_.wpi_win            _wpi_subclasswindow_.wpi_win
_wpi_suspendthread_..wpi_win            ___CharLenTable......guiclen
___LITApplIcon.......guisdef            
___LITArrange_Icons_Hint.....................................guisdef
___LITBlack..........guisdef            ___LITBlank..........guisdef
___LITBlue...........guisdef            ___LITBrightBlue.....guisdef
___LITBrightCyan.....guisdef            ___LITBrightGreen....guisdef
___LITBrightMagenta..guisdef            ___LITBrightRed......guisdef
___LITBrightWhite....guisdef            ___LITBrightYellow...guisdef
___LITBrown..........guisdef            ___LITCancel.........guisdef
___LITCascade_Hint...guisdef            
___LITChange_Font_for_this_window............................guisdef
___LITChange_XFont_..guisdef            ___LITClose..........guisdef
___LITColour.........guisdef            ___LITCyan...........guisdef
___LITDirectories_Colon......................................guisdef
___LITDrives_Colon...guisdef            ___LITEmpty..........guisdef
___LITExclamation....guisdef            ___LITFDlg_Open_Text.guisdef
___LITFDlg_Save_Text.guisdef            
___LITFile_Exists_Replace....................................guisdef
___LITFile_Name_Colon........................................guisdef
___LITFix_Toolbar_Hint.......................................guisdef
___LITFloating_Toolbar.......................................guisdef
___LITGreen..........guisdef            ___LITGrey...........guisdef
___LITInternal_First_Message.................................guisdef
___LITInternal_Last_Message..................................guisdef
___LITList_Files_of_Type_Colon...............................guisdef
___LITMagenta........guisdef            
___LITMake_Tool_Bar_Fixed....................................guisdef
___LITMaximize.......guisdef            ___LITMinimize.......guisdef
___LITMore_Windows_Hint......................................guisdef
___LITMove...........guisdef            ___LITNexXt..........guisdef
___LITOK.............guisdef            ___LITOpen_Failed....guisdef
___LITOS2_Dialog_Font........................................guisdef
___LITPen_Failed.....guisdef            ___LITRed............guisdef
___LITRestore........guisdef            ___LITSelect_Window..guisdef
___LITSize...........guisdef            ___LITStop_Bang......guisdef
___LITTable_of_Contents......................................guisdef
___LITTile_Horz_Hint.guisdef            ___LITTile_Vert_Hint.guisdef
___LITTile_XHorz.....guisdef            ___LITTile_XVert.....guisdef
___LITWhite..........guisdef            
___LITWindows_Dialog_Font....................................guisdef
___LITWindow_Name_Hint.......................................guisdef
___LITXAbort.........guisdef            ___LITXArrange_Icons.guisdef
___LITXCascade.......guisdef            ___LITXClose.........guisdef
___LITXFix_Toolbar...guisdef            ___LITXFix_Tool_Bar..guisdef
___LITXIgnore........guisdef            ___LITXMore_Windows..guisdef
___LITXNo............guisdef            ___LITXRetry.........guisdef
___LITXYes...........guisdef            

wpimem        Offset=00000100H
  _wpi_free_        _wpi_malloc_      _wpi_realloc_   

wpi_win       Offset=00000c00H
  _wpi_appendmenu_   _wpi_createcompatiblepres_        
  _wpi_dlg_command_                   _wpi_getbitmapdim_                
  _wpi_getbitmapparms_                _wpi_getbmphdrvalues_             
  _wpi_getcurrpos_   _wpi_getintrectvalues_            
  _wpi_getintwrectvalues_             _wpi_getmenuflagsfromstate_       
  _wpi_getmenustate_                  _wpi_getmenutext_                 
  _wpi_getmetricpointsize_            _wpi_getpaintrect_                
  _wpi_getqmsgvalues_                 _wpi_getrectvalues_               
  _wpi_getrestoredrect_               _wpi_gettextextent_               
  _wpi_getwrectvalues_                _wpi_insertmenu_   _wpi_modifymenu_ 
  _wpi_preparemono_                   _wpi_setbmphdrvalues_             
  _wpi_setintrectvalues_              _wpi_setintwrectvalues_           
  _wpi_setmaxtracksize_               _wpi_setmenutext_                 
  _wpi_setmenu_     _wpi_setmintracksize_               _wpi_setpoint_  
  _wpi_setqmsgvalues_                 _wpi_setrectvalues_               
  _wpi_setrestoredrect_               _wpi_setrgbquadvalues_            
  _wpi_setwrectvalues_                _wpi_subclasswindow_              
  _wpi_suspendthread_               

windlg        Offset=00002800H
  AddControl_       DialogTemplate_   DoneAddingControls_               
  DynamicDialogBox_                 

guiclen       Offset=00003b00H
  GUICharLen_       GUIIsDBCS_        ___CharLenTable 

wptoolbr      Offset=00004800H
  ChangeToolButtonBitmap_             HasToolAtPoint_ 
  isPointInToolbar_                   ToolBarAddItem_ 
  ToolBarDeleteItem_                  ToolBarDestroy_   ToolBarDisplay_ 
  ToolBarFini_      ToolBarGetState_   ToolBarInit_    
  ToolBarRedrawButtons_               ToolBarSetState_   ToolBarWindow_  
  UpdateToolBar_    _ToolBarWndProc@16                

wmdisim       Offset=00008000H
  MDICascade_       MDIChildHandleMessage_            
  MDIClearMaximizedMenuConfig_        MDIContainerResized_              
  MDIHitClose_      MDIInitMenu_      MDIInit_          MDIIsMaximized_ 
  MDIIsSysCommand_   MDIIsWndMaximized_                  MDINewWindow_   
  MDISetMainWindowTitle_              MDISetMaximized_   MDISetOrigSize_ 
  MDITile_          MDIUpdatedMenu_   SetSystemMenu_  

guif1hk       Offset=0000b100H
  GUIHookF1_        GUIUnHookF1_      _F1Proc@12      

guiclass      Offset=0000c100H
  GUIGetWindowClassName_            

guirmenu      Offset=0000c300H
  GUICreateMenuStructFromRes_         GUIFreeGUIMenuStruct_             

guirdlg       Offset=0000ce00H
  GUICreateDialogFromRes_             GUIDoCreateResDialog_             
  GUIGetControlClassFromHWND_         GUIGetControlStylesFromHWND_      
  GUIInsertResDialogControls_         _GUIResHInst    
  _InsertResDlgCntlFunc@8           

guildstr      Offset=0000e000H
  GUIIsLoadStrInitialized_            GUILoadStrFini_   GUILoadString_  
  GUILoadStrInit_ 

guixbar       Offset=0000ee00H
  DrawShadowBar_    DrawSimpleBar_    GUIDrawBarGroup_   GUIDrawBar_     

guixmdi       Offset=00010300H
  GUICascadeWindows_                  GUIMDIBringToFront_               
  GUIXMDIInit_      XChangeTitle_     XInitMDI_       

guiximdi      Offset=00012500H
  XFakeInitMDI_   

guimenus      Offset=00013200H
  CheckItem_        CheckPopup_       EnableItem_       EnablePopup_    
  GetStateForMenu_   GUIAddToSystemMenu_               
  GUIAppendMenuByOffset_              GUIAppendMenuToPopup_             
  GUIAppendMenu_    GUICheckMenuItem_                 
  GUICreateMenuFlags_                 GUICreateMenus_ 
  GUICreateSubMenu_                   GUIDeleteFloatingPopups_          
  GUIDeleteMenuItem_                  GUIEnableMenuItem_                
  GUIEnableSysMenuItem_               GUIFreePopupList_                 
  GUIGetHMENU_      GUIGetMenuPopupCount_             
  GUIInitGUIMenuHint_                 GUIInsertMenuByID_                
  GUIInsertMenuToPopup_               GUIInsertMenu_  
  GUIIsMenuItemChecked_               GUIIsMenuItemEnabled_             
  GUIProcessInitMenuPopup_            GUIProcessMenuSelect_             
  GUISetGUIHint_    GUISetMenuText_   GUISetMenu_     
  _GUIHFloatingPopup                  _GUIHint        

guifloat      Offset=00016800H
  GUIPopupMenuSelect_                 GUITrackFloatingPopup_            
  GUIXCreateFloatingPopup_            _CurrItem       

guicontr      Offset=00017a00H
  GUIAddControl_    GUICheckRadioButton_              
  GUIControlDeleteAll_                GUIControlDelete_                 
  GUIControlInsertByHWND_             GUIControlInsert_                 
  GUIDeleteControl_                   GUIDoSubClass_    GUIEnumControls_ 
  GUIGetControlByHwnd_                GUIGetControlByID_                
  GUIGetCtrlWnd_    GUIHideControl_   GUIInsertCtrlWnd_                 
  GUIIsControlVisible_                GUILimitEditText_                 
  GUISetControlStyle_                 GUIShowControl_   _GUIControls    
  _GUIEditFunc@16   _GUIGroupBoxFunc@16               

guixdisp      Offset=0001a100H
  GUIDisplayMessage_                

guixtext      Offset=0001ae00H
  GUIAddTextList_   GUIAddText_       GUIClearList_   
  GUIControlSetRedraw_                GUIDeleteItem_  
  GUIGetCurrSelect_                   GUIGetListItemData_               
  GUIGetListItem_   GUIGetListSize_   GUIGetText_       GUIGetTopIndex_ 
  GUIInsertText_    GUISetCurrSelect_                 
  GUISetHorizontalExtent_             GUISetListItemData_               
  GUISetText_       GUISetTopIndex_ 

guixdlg       Offset=0001c200H
  GUICloseDialog_   GUIDlgCalcLocation_                 GUIFiniDialog_  
  GUIGetDlgTextMetrics_               GUIInitControl_   GUIInitDialog_  
  GUIProcessControlMsg_               GUIProcessControlNotification_    
  GUISetJapanese_   GUIXCreateDialog_                 
  _GUIDialogFunc@16                   _GUIInitDialogFunc@16             

guimapky      Offset=0001f100H
  GUIProcesskey_    GUISetKeyState_   GUIWindowsMapKey_                 

guissel       Offset=00021000H
  GUIGetEditSelect_                   GUISelectAll_   
  GUISetEditSelect_                 

guifdlg       Offset=00021e00H
  GetStrFromEdit_   GUIGetFileName_   GUIHookFileDlg_   _OpenHook@16    

guicursr      Offset=00023100H
  GUIResetMouseCursor_                GUISetMouseCursor_                

guitool       Offset=00023d00H
  GUIChangeToolBar_                   GUIHasToolBar_  
  GUIResizeToolBar_                   GUIToolBarFixed_   GUIToolBarHelp_ 
  GUIToolBarProc_   GUIXCloseToolBar_                 
  GUIXCreateToolBar_                

guireset      Offset=00025c00H
  GUIResetMenus_  

guiflush      Offset=00026b00H
  GUIFlushKeys_   

guixhot       Offset=00027700H
  GUIDrawBitmap_    GUIDrawHotSpot_   GUIXCleanupHotSpots_              
  GUIXInitHotSpots_                   _GUIHotSpots    

guifont       Offset=00028700H
  GUIChangeFont_    GUIChooseFont_    GUIFontsSupported_                
  GUIGetFontFromUser_                 GUIGetFontInfo_   GUISetFontInfo_ 
  GUISetSystemFont_                 

guisize       Offset=00029900H
  GUIGetRestoredSize_                 GUIHideWindow_    GUIIsMaximized_ 
  GUIIsMinimized_   GUIIsWindowVisible_               
  GUIMaximizeWindow_                  GUIMinimizeWindow_                
  GUIResizeWindow_   GUIRestoreWindow_                 
  GUISetRestoredSize_               

guisicon      Offset=0002ad00H
  GUISetIcon_     

guixdraw      Offset=0002ba00H
  GUIDrawTextBitmapAttr_              GUIDrawTextBitmapRGB_             
  GUIXDrawTextRGB_   GUIXDrawText_   

guidirty      Offset=0002d100H
  GUIControlDirty_   GUIWndDirty_    

guiscrol      Offset=0002de00H
  GUIGetScrollInc_   GUIGetScrollScreenSize_           
  GUIProcessScrollMsg_                GUIScroll_      
  GUISetHScrollCol_                   GUISetHScroll_    GUISetScroll_   
  GUISetVScrollRow_                   GUISetVScroll_  

guifront      Offset=0002f900H
  ActivateNC_       GUIActivateNC_    GUIBringToFront_ 

guitextm      Offset=00030800H
  GUIGetTextMetrics_                  GUISetMetrics_  

guicolor      Offset=00031400H
  GUICheckBKBrush_   GUIFreeBKBrush_   GUIGetBack_       GUIGetFore_     
  GUIGetRGBFromUser_                  GUIGetRGB_        GUIGetWndColour_ 
  GUISetRGB_        GUISetWindowColours_                GUISetWndColour_ 
  GUIXGetWindowColours_               GUIXSetColours_   SetBKBrush_     
  _GUIColours     

guidrow       Offset=00032800H
  GUIWndDirtyRow_ 

guixhook      Offset=00033500H
  GUICtl3dColorChange_                GUICtl3dCtlColorEx_               
  GUICtl3dSubclassCtl_                GUICtl3dSubclassDlg_              
  GUICtl3dUnregister_                 GUIFreeStatus_  
  GUIIsMDIChildWindow_                GUIMDIMaximized_   GUIMDIMaximize_ 
  GUIMDINewWindow_   GUIMDIProcessMessage_             
  GUIMDIUpdatedMenu_                  GUIResizeStatus_ 
  GUISetCtl3dColorChange_             GUISetCtl3dCtlColorEx_            
  GUISetCtl3dSubclassCtl_             GUISetCtl3dSubclassDlg_           
  GUISetCtl3dUnregister_              GUISetFreeStatus_                 
  GUISetIsMDIChildWindow_             GUISetMDIMaximized_               
  GUISetMDIMaximize_                  GUISetMDINewWindow_               
  GUISetMDIProcessMessage_            GUISetMDIRestoredSize_            
  GUISetMDIUpdatedMenu_               GUISetResizeStatus_               
  GUISetSetMDIRestoredSize_         

guimouse      Offset=00034a00H
  GUIGetMousePosn_ 

guixutil      Offset=00035600H
  GUIBringNewToFront_                 GUICalcLocation_ 
  GUIDestroyAllChildren_              GUIDestroyAllPopupsWithNoParent_  
  GUIError_         GUIFindFirstChild_                
  GUIFindFirstPopupWithNoParent_      GUIFindWindowFromHWND_            
  GUIFreeWindowMemory_                GUIGetFirstSibling_               
  GUIGetParentFrameHWND_              GUIGetParentHWND_                 
  GUIGetParentWindow_                 GUIGetScrollHWND_                 
  GUIGetScrollPos_   GUIGetScrollRange_                
  GUIGetSystemFont_                   GUIGetTopGUIWindow_               
  GUIGetTopParentHWND_                GUIGetWindow_   
  GUIInvalidateResize_                GUIIsGUIChild_    GUIIsOpen_      
  GUIIsParentADialog_                 GUIIsRectInUpdateRect_            
  GUIMakeRelative_   GUIMaximizeZoomedChildren_        
  GUIParentHasFlags_                  GUIRedrawScroll_   GUIScrollOn_    
  GUISendDlgItemMessage_              GUISendMessage_   GUISetRangePos_ 
  GUISetRedraw_     GUISetRowCol_     GUISetScrollPos_ 
  GUISetScrollRange_                  GUISetupStruct_ 
  GUIXGetRootWindow_                

fontstr       Offset=00038100H
  GetFontFormatString_                GetLogFontFromString_             

wstatus       Offset=00038d00H
  outputText_       StatusWndCreate_   StatusWndDraw3DBox_               
  StatusWndDrawLine_                  StatusWndFini_    StatusWndInit_  
  StatusWndSetSeparators_             _StatusWndCallback@16             

guiwinlp      Offset=0003b200H
  GUIWinMessageLoop_                

guigsysh      Offset=0003be00H
  GUIGetHInst_      GUIGetSysHandle_ 

guispawn      Offset=0003c900H
  GUISpawnEnd_      GUISpawnStart_  

guignval      Offset=0003d400H
  GUIGetNewVal_   

guicombo      Offset=0003e400H
  GUISubClassEditCombobox_            _GUIEnumFunc@8  

guidbclk      Offset=0003f100H
  GUISetDClickRate_                 

guirfrsh      Offset=0003fc00H
  GUIRefresh_     

guigetx       Offset=00040700H
  GUIGetTextExtentX_                  GUIGetTextExtentY_                
  GUIGetTextExtent_                 

guicheck      Offset=00041300H
  GUIIsChecked_     GUISetChecked_  

guixtent      Offset=00041f00H
  GetControlExtent_                   GetControlInfo_   GetExtent_      
  GUIGetControlExtentX_               GUIGetControlExtentY_             
  GUIGetExtentX_    GUIGetExtentY_  

guixmain      Offset=00042f00H
  _GUIMainTouched   _WinMain@16     

guixwind      Offset=00043a00H
  GUICleanup_       GUIDestroyWnd_    GUIDoResize_    
  GUIIsFirstInstance_                 GUIResizeBackground_              
  GUISetCheckResizeAreaForChildren_   GUISetF10Menus_   GUIShowWindowNA_ 
  GUIShowWindow_    GUIStartTimer_    GUIStopTimer_   
  GUIWantPartialRows_                 GUIWndInit_     
  GUIXCreateWindow_                   GUIXMain_         GUIXSetupWnd_   
  SendPointEvent_   SetFocusToParent_                 
  _EditControlHasFocus                _GUIClass         _GUICurrWnd     
  _GUIDefaultClassName                _GUIDialogClass   _GUIMainHInst   
  _GUITimerProc@16   _GUIWindowProc@16                 

guisysfi      Offset=00048200H
  GUISysFini_     

guisysin      Offset=00048d00H
  GUISysInit_     

guisys        Offset=00049800H
  SysCleanUp_     

guiclear      Offset=0004a300H
  GUIClearText_     GUIEnableControl_                 
  GUIIsControlEnabled_              

guigetrc      Offset=0004b000H
  GUIGetCol_        GUIGetRow_      

guiiscrl      Offset=0004bd00H
  GUIInitHScrollCol_                  GUIInitHScroll_ 
  GUIInitVScrollRow_                  GUIInitVScroll_ 

guifocus      Offset=0004cb00H
  GUIGetFocus_      GUISetFocus_    

guidropd      Offset=0004d900H
  GUIDropDown_    

guismetr      Offset=0004e500H
  GUIGetSystemMetrics_              

guidrawr      Offset=0004f300H
  GUIDrawLineRGB_   GUIDrawLine_      GUIDrawRectRGB_   GUIDrawRect_    
  GUIFillRectRGB_   GUIFillRect_    

guicutil      Offset=00050800H
  GUIGetControlClass_                 GUIToComboList_   GUIToControl_   

guipaint      Offset=00051600H
  GUIFreePaintHandles_                GUIFreeWndPaintHandles_           
  GUIInvalidatePaintHandles_          GUIPaint_       

guirect       Offset=00052400H
  DoGetRelRect_     GUIGetRect_       GUIGetRelRect_  

guicrect      Offset=00053300H
  GUIGetClientRect_                   GUIGetPaintRect_ 

guiarect      Offset=00054000H
  GUIGetAbsRect_  

guistrin      Offset=00054c00H
  GUIGetStringPos_ 

guigetnr      Offset=00055a00H
  GUIGetNumRows_  

guigscrl      Offset=00056500H
  GUIGetHScrollCol_                   GUIGetHScroll_  
  GUIGetVScrollRow_                   GUIGetVScroll_  

guithumb      Offset=00057200H
  GUISetHScrollThumb_                 GUISetVScrollThumb_               

guirange      Offset=00057f00H
  GUIGetHScrollRangeCols_             GUIGetHScrollRange_               
  GUIGetVScrollRangeRows_             GUIGetVScrollRange_               
  GUISetHScrollRangeCols_             GUISetHScrollRange_               
  GUISetVScrollRangeRows_             GUISetVScrollRange_               

guisstyl      Offset=00058f00H
  GUIGetScrollStyle_                

mem           Offset=00059a00H
  MemAlloc_         MemFree_          MemReAlloc_     

guidoscr      Offset=0005a600H
  GUIDoHScrollClip_                   GUIDoHScroll_     GUIDoScroll_    
  GUIDoVScrollClip_                   GUIDoVScroll_   

guistext      Offset=0005b600H
  GUIGetWindowTextLength_             GUIGetWindowText_                 
  GUISetWindowText_                 

guigetpt      Offset=0005c200H
  GUIGetPoint_    

guistat       Offset=0005ce00H
  GUICloseStatusWindow_               GUICreateStatusWindow_            
  GUIDrawStatusText_                  GUIHasStatus_   
  GUIResizeStatusWindow_            

guistub       Offset=0005e300H
  GUIGetCharacter_   GUIGetCursorPos_   GUIGetCursorType_                 
  GUIGetDialogColours_                GUIGMouseOff_     GUIGMouseOn_    
  GUISetBackgroundChar_               GUISetBackgroundColour_           
  GUISetBetweenTitles_                GUISetCharacter_   GUISetCursorPos_ 
  GUISetCursorType_                   GUISetDialogColours_              

guienum       Offset=0005ef00H
  GUIEnumChildWindows_                _EnumFunc@8     

gui3ddlg      Offset=0005fb00H
  GUI3DDialogInit_ 

guimvctr      Offset=00060600H
  GUIGetControlRect_                  GUIResizeControl_                 

guidrect      Offset=00061200H
  GUIWndDirtyRect_ 

guixscal      Offset=00061f00H
  GUIClientToScaleRect_               GUIFromTextX_     GUIFromTextY_   
  GUIFromText_      GUIGetMetrics_    GUIGetTheDC_    
  GUIGetUpdateRows_                   GUIReleaseTheDC_ 
  GUIScaleToScreenRect_               GUIScreenToScaleRect_             
  GUIToTextX_       GUIToTextY_       GUIToText_        _GUItm          

guimem        Offset=00063200H
  GUIAlloc_         GUIFree_          GUIMemClose_      GUIMemOpen_     
  GUIMemPrtUsage_   GUIRealloc_     

guifcrck      Offset=00063e00H
  GUIFirstCrack_  

guiextnm      Offset=00064000H
  GUIGetExtName_    GUISetExtName_  

guisdef       Offset=00064300H
  ___LITApplIcon    ___LITArrange_Icons_Hint            ___LITBlack     
  ___LITBlank       ___LITBlue        ___LITBrightBlue   ___LITBrightCyan 
  ___LITBrightGreen                   ___LITBrightMagenta               
  ___LITBrightRed   ___LITBrightWhite                 
  ___LITBrightYellow                  ___LITBrown       ___LITCancel    
  ___LITCascade_Hint                  ___LITChange_Font_for_this_window 
  ___LITChange_XFont_                 ___LITClose       ___LITColour    
  ___LITCyan        ___LITDirectories_Colon           
  ___LITDrives_Colon                  ___LITEmpty     
  ___LITExclamation                   ___LITFDlg_Open_Text              
  ___LITFDlg_Save_Text                ___LITFile_Exists_Replace         
  ___LITFile_Name_Colon               ___LITFix_Toolbar_Hint            
  ___LITFloating_Toolbar              ___LITGreen       ___LITGrey      
  ___LITInternal_First_Message        ___LITInternal_Last_Message       
  ___LITList_Files_of_Type_Colon      ___LITMagenta   
  ___LITMake_Tool_Bar_Fixed           ___LITMaximize    ___LITMinimize  
  ___LITMore_Windows_Hint             ___LITMove        ___LITNexXt     
  ___LITOK          ___LITOpen_Failed                 
  ___LITOS2_Dialog_Font               ___LITPen_Failed   ___LITRed       
  ___LITRestore     ___LITSelect_Window                 ___LITSize      
  ___LITStop_Bang   ___LITTable_of_Contents           
  ___LITTile_Horz_Hint                ___LITTile_Vert_Hint              
  ___LITTile_XHorz   ___LITTile_XVert   ___LITWhite     
  ___LITWindows_Dialog_Font           ___LITWindow_Name_Hint            
  ___LITXAbort      ___LITXArrange_Icons                ___LITXCascade  
  ___LITXClose      ___LITXFix_Toolbar                
  ___LITXFix_Tool_Bar                 ___LITXIgnore   
  ___LITXMore_Windows                 ___LITXNo         ___LITXRetry    
  ___LITXYes      

guiev         Offset=00064b00H
  GUIDoneEventProcessing_             GUIStartEventProcessing_          

guiclrst      Offset=00065600H
  GUIClearStatusText_               

guihtool      Offset=00066100H
  GUICloseToolBar_   GUICreateFloatToolBar_            
  GUICreateToolBar_                 

guidead       Offset=00066e00H
  GUIDead_        

guideath      Offset=00067900H
  GUIDeath_       

guiisgui      Offset=00068400H
  GUIIsGUI_       

guistr        Offset=00068f00H
  GUIFiniInternalStringTable_         GUIInitInternalStringTable_       

guiwnclr      Offset=0006ae00H
  GUIFreeColours_   GUIGetNumWindowColours_           
  GUIGetWindowColours_                GUISetColours_  

guistyle      Offset=0006bb00H
  GUIGetCreateStyle_                

guindlg       Offset=0006c600H
  GUIDlgBuffGetText_                  GUIDlgOpen_       GUIModalDlgOpen_ 
  GUISetModalDlgs_   GUISysModalDlgOpen_               

guidlg        Offset=0006db00H
  GUICreateDialog_   GUICreateResDialog_               
  GUICreateSysModalDialog_          

guisetup      Offset=0006e700H
  GUISetupWnd_    

guimin        Offset=0006f200H
  GUIGetMinSize_  

guiextra      Offset=0006fe00H
  GUIGetExtra_      GUISetExtra_    

guizlist      Offset=00070900H
  GUIDeleteFromList_                  GUIFrontOfList_   GUIGetFront_    
  GUIGetNextWindow_                   GUIIsValidWindow_                 

guimkey       Offset=00071700H
  GUIGetKeyState_   GUIMapKey_        _KeyState       

guigcolr      Offset=00072800H
  GUIGetColourFromUser_             

guirscal      Offset=00073800H
  GUIGetRoundScale_                 

guiscale      Offset=00074400H
  GUIConvertPoint_   GUIConvertRect_   GUIConvert_       GUIGetScale_    
  GUIGetScreen_     GUIScaleToScreenRPt_              
  GUIScaleToScreenR_                  GUIScaleToScreen_                 
  GUIScreenToScaleRPt_                GUIScreenToScaleR_                
  GUIScreenToScale_                   GUISetScale_      GUISetScreen_   

guipick       Offset=00075500H
  GUIDlgPickWithRtn_                  GUIDlgPick_       GUIPickEvent_   

guipixel      Offset=00076400H
  GUITruncToPixel_ 

guiutil       Offset=00076f00H
  GUIGetArgs_       GUIGetRootWindow_                   GUIIsRootWindow_ 
  GUIStoreArgs_     GUIStrDup_        GUIStripTrailingBlanks_           

guidraw       Offset=00077e00H
  GUIDrawTextExtentPosRGB_            GUIDrawTextExtentPos_             
  GUIDrawTextExtentRGB_               GUIDrawTextExtent_                
  GUIDrawTextPosRGB_                  GUIDrawTextPos_   GUIDrawTextRGB_ 
  GUIDrawText_    

guihot        Offset=00078c00H
  GUIGetHotSpotSize_                  GUIGetNumHotSpots_                
  GUIInitHotSpots_   _GUINumHotSpots 

guihflt       Offset=00079a00H
  GUICreateFloatingPopup_           

guiimmdi      Offset=0007a600H
  GUIMDIInitMenuOnly_               

guiimdi       Offset=0007b300H
  GUIMDIInit_     

guimdime      Offset=0007c100H
  AddMDIActions_    EnableMDIActions_                 

guimdi        Offset=0007d100H
  BroughtToFront_   ChangeTitle_      FindNextMDIMenuWindowNotInArray_  
  GUIEnableMDIMenus_                  GUIGetNumChildWindows_            
  GUIGetNumIconicWindows_             GUIGetRoot_       GUIMDIGetWindow_ 
  GUIMDIMoreWindows_                  InitMDI_          MDIDeleteMenu_  
  MDIDelete_        MDIResetMenus_    _GUIMDIMenuID     _Root           

guihook       Offset=0007f700H
  GUIAddMDIActions_                   GUIChangeMDITitle_                
  GUICleanupHotSpots_                 GUIEnableMDIActions_              
  GUIInitMDI_       GUIMDIBroughtToFront_             
  GUIMDIDeleteMenuItem_               GUIMDIDelete_   
  GUIMDIResetMenus_                   GUISetAddMDIActions_              
  GUISetEnableMDIActions_             GUISetHotSpotCleanup_             
  GUISetInitMDI_    GUISetMDIBroughtToFront_          
  GUISetMDIChangeTitle_               GUISetMDIDeleteMenuItem_          
  GUISetMDIDelete_   GUISetMDIResetMenus_              
  GUISetXChangeTitle_                 GUISetXInitMDI_   GUIXChangeTitle_ 
  GUIXInitMDI_    

guihint       Offset=00080900H
  CountMenus_       GUIAppendHintText_                
  GUIDeleteHintText_                  GUIDisplayHintText_               
  GUIFreeHint_      GUIHasHintText_   GUIHasHintType_   GUIInitHint_    
  GUIInitToolbarHint_                 GUISetHintText_   InsertHint_     

guicreat      Offset=00082000H
  GUICreateWindow_   _GUIMDI         
